// Jest Snapshot v1, https://goo.gl/fbAQLP

exports[`sign in page 1`] = `
<div
  className="sign-in"
>
  <div
    className="sign-in-container"
  >
    <h3
      className="title"
    >
      Sign in with your email and password
    </h3>
    <h5
      className="error-text"
    />
    <form
      onSubmit={[Function]}
    >
      <div
        className="group"
      >
        <input
          className="form-input"
          label="Email"
          name="email"
          onChange={[Function]}
          required={true}
          type="email"
          value=""
        />
        <label
          className=" form-input-label"
        >
          Email
        </label>
      </div>
      <div
        className="group"
      >
        <input
          className="form-input"
          label="Password"
          name="password"
          onChange={[Function]}
          required={true}
          type="password"
          value=""
        />
        <label
          className=" form-input-label"
        >
          Password
        </label>
      </div>
      <div
        className="buttons"
      >
        <button
          type="submit"
        >
          Sign in
        </button>
      </div>
    </form>
  </div>
</div>
`;
